*** Using Compiler 'V6.12', folder: 'C:\Keil_v5\ARM\ARMCLANG\Bin'
Build target 'BasicApp_ROM'
compiling rx32g4xx_hal_clc.c...
compiling rx32g4xx_hal_adc.c...
compiling rx32g4xx_hal.c...
compiling rx32g4xx_hal_cortex.c...
compiling system_rx32g4xx.c...
compiling rx32g4xx_hal_comp.c...
compiling rx32g4xx_hal_crc.c...
compiling rx32g4xx_hal_dma.c...
compiling rx32g4xx_hal_adc_ex.c...
compiling rx32g4xx_hal_dac_ex.c...
compiling rx32g4xx_hal_can.c...
compiling rx32g4xx_hal_cordic.c...
compiling rx32g4xx_hal_dac.c...
compiling rx32g4xx_hal_dma_ex.c...
compiling rx32g4xx_hal_exti.c...
compiling rx32g4xx_hal_flash.c...
compiling rx32g4xx_hal_flash_ex.c...
compiling rx32g4xx_hal_gpio.c...
compiling rx32g4xx_hal_fmac.c...
compiling rx32g4xx_hal_iwdg.c...
compiling rx32g4xx_hal_opamp_ex.c...
compiling rx32g4xx_hal_opamp.c...
compiling rx32g4xx_hal_rcc.c...
compiling rx32g4xx_hal_pwr_ex.c...
compiling rx32g4xx_hal_pwr.c...
compiling rx32g4xx_hal_rcc_ex.c...
compiling rx32g4xx_hal_rtc.c...
compiling rx32g4xx_hal_i2c.c...
compiling rx32g4xx_hal_spi.c...
compiling rx32g4xx_hal_rtc_ex.c...
compiling rx32g4xx_hal_hrtim.c...
compiling rx32g4xx_hal_tim_ex.c...
compiling rx32g4xx_hal_wwdg.c...
compiling drv_hrtim_consumer.c...
compiling rx32g4xx_hal_tim.c...
compiling rx32g4xx_hal_uart.c...
../../LIB/APP/powerGroup/ctrl/ctrl_power.c(99): warning: implicit declaration of function 'PPGsetHalf' is invalid in C99 [-Wimplicit-function-declaration]
    PPGsetHalf(ch, START_FRE_PWM);
    ^
1 warning generated.
compiling ctrl_power.c...
compiling ctrl_pot_type.c...
compiling ctrl_pan_state.c...
compiling ctrl_cycle.c...
compiling ctrl_zero.c...
compiling Modbus_Lib_Init_An_Analysis.c...
compiling API_hrtim_fullbridge.c...
linking...
Program Size: Code=127512 RO-data=5616 RW-data=1420 ZI-data=41860  
FromELF: creating hex file...
After Build - User command #1: fromelf.exe --bin -o "Y:\410\RX32G410_ROM.bin" "Y:\410\RX32G410_ROM.axf"
"Y:\410\RX32G410_ROM.axf" - 0 Error(s), 1 Warning(s).
Build Time Elapsed:  00:00:04
