*** Using Compiler 'V6.12', folder: 'C:\Keil_v5\ARM\ARMCLANG\Bin'
Rebuild target 'BasicApp_ROM'
assembling startup_rx32g410.s...
compiling system_init.c...
compiling rx32g4xx_hal_cortex.c...
compiling rx32g4xx_hal.c...
compiling rx32g4xx_hal_cordic.c...
compiling rx32g4xx_hal_can.c...
compiling rx32g4xx_hal_clc.c...
compiling rx32g4xx_hal_adc.c...
compiling rx32g4xx_hal_comp.c...
compiling rx32g4xx_hal_crc.c...
compiling system_rx32g4xx.c...
compiling rx32g4xx_hal_adc_ex.c...
compiling system_bsp.c...
compiling rx32g4xx_hal_dac.c...
compiling rx32g4xx_hal_dac_ex.c...
compiling rx32g4xx_hal_dma.c...
compiling rx32g4xx_hal_dma_ex.c...
compiling rx32g4xx_hal_exti.c...
compiling rx32g4xx_hal_flash.c...
compiling rx32g4xx_hal_flash_ex.c...
compiling rx32g4xx_hal_fmac.c...
compiling rx32g4xx_hal_iwdg.c...
compiling rx32g4xx_hal_gpio.c...
compiling rx32g4xx_hal_opamp.c...
compiling rx32g4xx_hal_opamp_ex.c...
compiling rx32g4xx_hal_pwr_ex.c...
compiling rx32g4xx_hal_pwr.c...
compiling rx32g4xx_hal_rcc_ex.c...
compiling rx32g4xx_hal_rtc.c...
compiling rx32g4xx_hal_rcc.c...
compiling rx32g4xx_hal_i2c.c...
compiling rx32g4xx_hal_rtc_ex.c...
compiling rx32g4xx_hal_spi.c...
compiling rx32g4xx_hal_hrtim.c...
compiling S_PID.C...
compiling DRV_GPIO.C...
compiling rx32g4xx_hal_uart.c...
compiling rx32g4xx_hal_wwdg.c...
compiling sys_task.c...
compiling s_time_base.c...
compiling S_DATA_STACK.C...
compiling rx32g4xx_hal_tim_ex.c...
compiling app_task.c...
compiling APP_ZERO.C...
compiling Proto_SlaveI2C.C...
compiling API_gpio.c...
compiling rx32g4xx_hal_tim.c...
compiling API_TIM.C...
compiling CommClass.c...
compiling API_DMA.C...
compiling API_I2C.C...
compiling API_UART.C...
compiling pluse.c...
compiling printMessage.c...
compiling power_calculator.c...
compiling API_FLASH.C...
compiling wave_capture.c...
compiling phase.c...
compiling drv_hrtim_consumer.c...
compiling ih_elec_params.c...
compiling drv_pwm.c...
../../LIB/APP/powerGroup/drv/drv_fmac.c(113): warning: In file included from...../../BaseClass/inc\printMessage.h(52): error: conflicting types for 'PrintMessagePush'
uint8_t    PrintMessagePush(MessageDef messageIn);   //将需要打印的数据压到堆里
           ^
../../LIB/APP/powerGroup/drv/drv_fmac.c(28): note: previous declaration is here
int PrintMessagePush(void* msg);
    ^
1 error generated.
compiling drv_fmac.c...
compiling drv_pan_count.c...
compiling drv_isr.c...
compiling drv_pan_pulse.c...
compiling drv_protect.c...
compiling mw_current_limit.c...
compiling mw_startup.c...
compiling mw_shutdown.c...
compiling mw_protect.c...
compiling rx32g4xx_it.c...
compiling main.c...
compiling API_FMAC.C...
compiling API_adc.c...
compiling API_comp.c...
compiling API_DAC.C...
compiling API_hrtim.c...
compiling power_protect.c...
compiling API_OPAM.C...
compiling adc_sensor.c...
compiling power_pid.c...
compiling power_pan_if.c...
compiling API_hrtim_fullbridge.c...
compiling Modbus_Lib_Init_An_Analysis.c...
compiling power_output.c...
compiling modbus_ekf_regs.c...
compiling Modbus_Analysis_Lib.c...
../../LIB/APP/app_power_claude.c(1409): warning: implicit declaration of function 'getOvpValueAdj' is invalid in C99 [-Wimplicit-function-declaration]
        getOvpValueAdj();                                                                               //保存到各个炉头的OVP值
        ^
../../LIB/APP/app_power_claude.c(5598): warning: implicit declaration of function 'getTxaDmaCircleValue' is invalid in C99 [-Wimplicit-function-declaration]
                getTxaDmaCircleValue((uint16_t*)txaBuff,value,num,PotAwdNum*2);         //将循环队列中的数据拷贝到缓存
                ^
../../LIB/APP/app_power_claude.c(5605): warning: implicit declaration of function 'APP_ADC_getOverAdcChannel' is invalid in C99 [-Wimplicit-function-declaration]
                                if(APP_ADC_getOverAdcChannel(&value[i],PowerOvpValueAll,PotAwdNum))             //T1A产生过流
                                   ^
3 warnings generated.
compiling app_power_claude.c...
compiling data_switcher.c...
"Y:\410\RX32G410_ROM.axf" - 1 Error(s), 3 Warning(s).
Target not created.
Build Time Elapsed:  00:00:05
