*** Using Compiler 'V6.12', folder: 'C:\Keil_v5\ARM\ARMCLANG\Bin'
Build target 'BasicApp_ROM'
compiling rx32g4xx_hal_comp.c...
compiling rx32g4xx_hal_clc.c...
compiling rx32g4xx_hal_cordic.c...
compiling rx32g4xx_hal_adc_ex.c...
compiling rx32g4xx_hal_can.c...
compiling system_rx32g4xx.c...
compiling rx32g4xx_hal_cortex.c...
compiling rx32g4xx_hal_dac_ex.c...
compiling rx32g4xx_hal_dac.c...
compiling rx32g4xx_hal_crc.c...
compiling rx32g4xx_hal.c...
compiling rx32g4xx_hal_dma.c...
compiling rx32g4xx_hal_adc.c...
compiling rx32g4xx_hal_dma_ex.c...
compiling rx32g4xx_hal_flash.c...
compiling rx32g4xx_hal_exti.c...
compiling rx32g4xx_hal_flash_ex.c...
compiling rx32g4xx_hal_iwdg.c...
compiling rx32g4xx_hal_fmac.c...
compiling rx32g4xx_hal_gpio.c...
compiling rx32g4xx_hal_pwr.c...
compiling rx32g4xx_hal_opamp.c...
compiling rx32g4xx_hal_opamp_ex.c...
compiling rx32g4xx_hal_pwr_ex.c...
compiling rx32g4xx_hal_rcc.c...
compiling rx32g4xx_hal_rcc_ex.c...
compiling rx32g4xx_hal_i2c.c...
compiling rx32g4xx_hal_rtc.c...
compiling rx32g4xx_hal_rtc_ex.c...
compiling rx32g4xx_hal_hrtim.c...
compiling rx32g4xx_hal_spi.c...
../../LIB/APP/powerGroup/drv/drv_fmac.c(113): warning: In file included from...../../BaseClass/inc\printMessage.h(52): error: conflicting types for 'PrintMessagePush'
uint8_t    PrintMessagePush(MessageDef messageIn);   //将需要打印的数据压到堆里
           ^
../../LIB/APP/powerGroup/drv/drv_fmac.c(28): note: previous declaration is here
int PrintMessagePush(void* msg);
    ^
1 error generated.
compiling drv_fmac.c...
compiling rx32g4xx_hal_wwdg.c...
compiling drv_hrtim_consumer.c...
compiling rx32g4xx_hal_uart.c...
compiling Modbus_Lib_Init_An_Analysis.c...
../../LIB/APP/app_power_claude.c(1409): warning: implicit declaration of function 'getOvpValueAdj' is invalid in C99 [-Wimplicit-function-declaration]
        getOvpValueAdj();                                                                               //保存到各个炉头的OVP值
        ^
../../LIB/APP/app_power_claude.c(5598): warning: implicit declaration of function 'getTxaDmaCircleValue' is invalid in C99 [-Wimplicit-function-declaration]
                getTxaDmaCircleValue((uint16_t*)txaBuff,value,num,PotAwdNum*2);         //将循环队列中的数据拷贝到缓存
                ^
../../LIB/APP/app_power_claude.c(5605): warning: implicit declaration of function 'APP_ADC_getOverAdcChannel' is invalid in C99 [-Wimplicit-function-declaration]
                                if(APP_ADC_getOverAdcChannel(&value[i],PowerOvpValueAll,PotAwdNum))             //T1A产生过流
                                   ^
../../LIB/APP/app_power_claude.c(5711): error: no member named 'inputValue' in 'PowerBase_Input_t'
        PowerControl->staticReg->current16 = _adc->inputValue[AdcGroupT1A+ch];
                                             ~~~~  ^
../../LIB/APP/app_power_claude.c(5718): error: no member named 'inputValue' in 'PowerBase_Input_t'
        PowerControl->input->status.voltageAd = _adc->inputValue[AdcGroupVoltage] >> 4;
                                                ~~~~  ^
../../LIB/APP/app_power_claude.c(5720): error: no member named 'inputValue' in 'PowerBase_Input_t'
        PowerControl->staticReg->phaseValue = _adc->inputValue[AdcGroupPhase1+ch];
                                              ~~~~  ^
../../LIB/APP/app_power_claude.c(5721): error: no member named 'inputValue' in 'PowerBase_Input_t'
        PowerControl->staticReg->limitQSum = _adc->inputValue[AdcGroupCeilQ1+ch];
                                             ~~~~  ^
../../LIB/APP/app_power_claude.c(5791): error: unterminated conditional directive
#if 0 /* Moved to powerGroup/drv/drv_fmac.c */
 ^
3 warnings and 5 errors generated.
compiling app_power_claude.c...
compiling API_hrtim_fullbridge.c...
compiling rx32g4xx_hal_tim_ex.c...
compiling rx32g4xx_hal_tim.c...
"Y:\410\RX32G410_ROM.axf" - 6 Error(s), 3 Warning(s).
Target not created.
Build Time Elapsed:  00:00:03
